
> swos-cli@1.0.0 test
> vitest run src/test/sys-page.test.ts


[7m[1m[36m RUN [39m[22m[27m [36mv1.6.1[39m [90mC:/Users/gleber/code/swos-ts[39m

stderr | src/test/sys-page.test.ts > SysPage > should load sys data from real device response
TEST FAIL DEBUG: (FiberFailure) RuntimeException: Not a valid effect: {}
    at file:///C:/Users/gleber/code/swos-ts/node_modules/effect/src/internal/core.ts:697:41
    at body (file:///C:/Users/gleber/code/swos-ts/node_modules/effect/src/internal/fiberRuntime.ts:1156:41)
    at internalCall (file:///C:/Users/gleber/code/swos-ts/node_modules/effect/src/Utils.ts:779:12)
    at FiberRuntime.Sync (file:///C:/Users/gleber/code/swos-ts/node_modules/effect/src/internal/fiberRuntime.ts:1156:19)
    at f (file:///C:/Users/gleber/code/swos-ts/node_modules/effect/src/internal/fiberRuntime.ts:1393:53)
    at Object.context (file:///C:/Users/gleber/code/swos-ts/node_modules/effect/src/internal/tracer.ts:101:19)
    at FiberRuntime.runLoop (file:///C:/Users/gleber/code/swos-ts/node_modules/effect/src/internal/fiberRuntime.ts:1379:34)
    at FiberRuntime.evaluateEffect (file:///C:/Users/gleber/code/swos-ts/node_modules/effect/src/internal/fiberRuntime.ts:945:27)
    at FiberRuntime.start (file:///C:/Users/gleber/code/swos-ts/node_modules/effect/src/internal/fiberRuntime.ts:999:14)
    at file:///C:/Users/gleber/code/swos-ts/node_modules/effect/src/internal/runtime.ts:116:18

 [33mΓ¥»[39m src/test/sys-page.test.ts [2m ([22m[2m2 tests[22m [2m|[22m [31m2 failed[39m[2m)[22m[90m 9[2mms[22m[39m
[31m   [33mΓ¥»[31m src/test/sys-page.test.ts[2m > [22mSysPage[2m > [22mshould load sys data from real device response[39m
[31m     ΓåÆ undefined[39m
[31m   [33mΓ¥»[31m src/test/sys-page.test.ts[2m > [22mSysPage[2m > [22mshould save sys data[39m
[31m     ΓåÆ undefined[39m

ΓÄ»ΓÄ»ΓÄ»ΓÄ»ΓÄ»ΓÄ»ΓÄ» Failed Tests 2 ΓÄ»ΓÄ»ΓÄ»ΓÄ»ΓÄ»ΓÄ»ΓÄ»

 FAIL  src/test/sys-page.test.ts > SysPage > should load sys data from real device response
{
  _id: 'FiberFailure',
  cause: {
    _id: 'Cause',
    _tag: 'Die',
    defect: { _tag: 'RuntimeException', message: 'Not a valid effect: {}' }
  },
  stacks: []
}
ΓÄ»ΓÄ»ΓÄ»ΓÄ»ΓÄ»ΓÄ»ΓÄ»ΓÄ»ΓÄ»ΓÄ»ΓÄ»ΓÄ»ΓÄ»ΓÄ»ΓÄ»ΓÄ»ΓÄ»ΓÄ»ΓÄ»ΓÄ»ΓÄ»ΓÄ»ΓÄ»ΓÄ»ΓÄ»ΓÄ»ΓÄ»ΓÄ»ΓÄ»ΓÄ»
Serialized Error: { _id: 'FiberFailure' }
ΓÄ»ΓÄ»ΓÄ»ΓÄ»ΓÄ»ΓÄ»ΓÄ»ΓÄ»ΓÄ»ΓÄ»ΓÄ»ΓÄ»ΓÄ»ΓÄ»ΓÄ»ΓÄ»ΓÄ»ΓÄ»ΓÄ»ΓÄ»ΓÄ»ΓÄ»ΓÄ»ΓÄ»[1/2]ΓÄ»

 FAIL  src/test/sys-page.test.ts > SysPage > should save sys data
{
  _id: 'FiberFailure',
  cause: {
    _id: 'Cause',
    _tag: 'Die',
    defect: { _tag: 'RuntimeException', message: 'Not a valid effect: {}' }
  },
  stacks: []
}
ΓÄ»ΓÄ»ΓÄ»ΓÄ»ΓÄ»ΓÄ»ΓÄ»ΓÄ»ΓÄ»ΓÄ»ΓÄ»ΓÄ»ΓÄ»ΓÄ»ΓÄ»ΓÄ»ΓÄ»ΓÄ»ΓÄ»ΓÄ»ΓÄ»ΓÄ»ΓÄ»ΓÄ»ΓÄ»ΓÄ»ΓÄ»ΓÄ»ΓÄ»ΓÄ»
Serialized Error: { _id: 'FiberFailure' }
ΓÄ»ΓÄ»ΓÄ»ΓÄ»ΓÄ»ΓÄ»ΓÄ»ΓÄ»ΓÄ»ΓÄ»ΓÄ»ΓÄ»ΓÄ»ΓÄ»ΓÄ»ΓÄ»ΓÄ»ΓÄ»ΓÄ»ΓÄ»ΓÄ»ΓÄ»ΓÄ»ΓÄ»[2/2]ΓÄ»

[2m Test Files [22m [1m[31m1 failed[39m[22m[90m (1)[39m
[2m      Tests [22m [1m[31m2 failed[39m[22m[90m (2)[39m
[2m   Start at [22m 00:20:04
[2m   Duration [22m 745ms[2m (transform 54ms, setup 195ms, collect 329ms, tests 9ms, environment 0ms, prepare 74ms)[22m

